[0915/174914.733:ERROR:content\public\browser\web_contents_delegate.cc:310] WebContentsDelegate::CheckMediaAccessPermission: Not supported.
[0915/174914.734:ERROR:content\public\browser\web_contents_delegate.cc:310] WebContentsDelegate::CheckMediaAccessPermission: Not supported.
[0915/174915.150:ERROR:content\public\browser\web_contents_delegate.cc:310] WebContentsDelegate::CheckMediaAccessPermission: Not supported.
[0915/174915.151:ERROR:content\public\browser\web_contents_delegate.cc:310] WebContentsDelegate::CheckMediaAccessPermission: Not supported.
[0915/174915.236:ERROR:content\public\browser\web_contents_delegate.cc:310] WebContentsDelegate::CheckMediaAccessPermission: Not supported.
[0915/174915.241:ERROR:content\public\browser\web_contents_delegate.cc:310] WebContentsDelegate::CheckMediaAccessPermission: Not supported.
[0915/174915.331:ERROR:content\public\browser\web_contents_delegate.cc:310] WebContentsDelegate::CheckMediaAccessPermission: Not supported.
[0915/174915.332:ERROR:content\public\browser\web_contents_delegate.cc:310] WebContentsDelegate::CheckMediaAccessPermission: Not supported.
[0915/174915.424:INFO:CONSOLE:0] "[.WebGL-0x1354001c4a00]GL Driver Message (OpenGL, Performance, GL_CLOSE_PATH_NV, High): GPU stall due to ReadPixels", source: https://www.linkedin.com/authwall?trk=bf&trkInfo=AQGD7gLJ_LKVfAAAAaClAcnoYPBQMbGGgWuiOeuP5IVIBiWWDJyBwgMfCb8ddw8-9ewI0oR4KSU8UXZamhp_urb4PUlsnAlItSlcNiUkZlRWZeBLPeUdA7h3md25dVuX3sIOAcU=&original_referer=&sessionRedirect=https%3A%2F%2Fwww.linkedin.com%2Fin%2Fsundarpichai%2F (0)
[0915/174915.444:INFO:CONSOLE:0] "[.WebGL-0x1354001c4400]GL Driver Message (OpenGL, Performance, GL_CLOSE_PATH_NV, High): GPU stall due to ReadPixels", source: https://www.linkedin.com/authwall?trk=bf&trkInfo=AQGD7gLJ_LKVfAAAAaClAcnoYPBQMbGGgWuiOeuP5IVIBiWWDJyBwgMfCb8ddw8-9ewI0oR4KSU8UXZamhp_urb4PUlsnAlItSlcNiUkZlRWZeBLPeUdA7h3md25dVuX3sIOAcU=&original_referer=&sessionRedirect=https%3A%2F%2Fwww.linkedin.com%2Fin%2Fsundarpichai%2F (0)
[0915/174915.447:INFO:CONSOLE:0] "[.WebGL-0x13540387c000]GL Driver Message (OpenGL, Performance, GL_CLOSE_PATH_NV, High): GPU stall due to ReadPixels", source: https://www.linkedin.com/authwall?trk=bf&trkInfo=AQGD7gLJ_LKVfAAAAaClAcnoYPBQMbGGgWuiOeuP5IVIBiWWDJyBwgMfCb8ddw8-9ewI0oR4KSU8UXZamhp_urb4PUlsnAlItSlcNiUkZlRWZeBLPeUdA7h3md25dVuX3sIOAcU=&original_referer=&sessionRedirect=https%3A%2F%2Fwww.linkedin.com%2Fin%2Fsundarpichai%2F (0)
[0915/174915.449:INFO:CONSOLE:0] "[.WebGL-0x13540387d800]GL Driver Message (OpenGL, Performance, GL_CLOSE_PATH_NV, High): GPU stall due to ReadPixels (this message will no longer repeat)", source: https://www.linkedin.com/authwall?trk=bf&trkInfo=AQGD7gLJ_LKVfAAAAaClAcnoYPBQMbGGgWuiOeuP5IVIBiWWDJyBwgMfCb8ddw8-9ewI0oR4KSU8UXZamhp_urb4PUlsnAlItSlcNiUkZlRWZeBLPeUdA7h3md25dVuX3sIOAcU=&original_referer=&sessionRedirect=https%3A%2F%2Fwww.linkedin.com%2Fin%2Fsundarpichai%2F (0)
[0915/174915.453:INFO:CONSOLE:2] "Element with id: dust-var-locale not found", source: https://static.licdn.com/aero-v1/sc/h/5pb1ojg869mw5g0pl1d8cta0f (2)
[0915/174915.544:ERROR:content\public\browser\web_contents_delegate.cc:310] WebContentsDelegate::CheckMediaAccessPermission: Not supported.
[0915/174915.544:ERROR:content\public\browser\web_contents_delegate.cc:310] WebContentsDelegate::CheckMediaAccessPermission: Not supported.
[0915/174915.689:ERROR:content\public\browser\web_contents_delegate.cc:310] WebContentsDelegate::CheckMediaAccessPermission: Not supported.
[0915/174915.689:ERROR:content\public\browser\web_contents_delegate.cc:310] WebContentsDelegate::CheckMediaAccessPermission: Not supported.
[0915/174915.802:INFO:CONSOLE:169] "[GSI_LOGGER]: Your client application may not display the Google One Tap in its default position. When FedCM becomes mandatory, One Tap only displays in the default position. Refer to the migration guide to update your code accordingly and opt-in to FedCM to test your changes. Learn more: https://developers.google.com/identity/gsi/web/guides/fedcm-migration?s=dc#layout", source: https://static.licdn.com/aero-v1/sc/h/29rdkxlvag0d3cpj96fiilbju (169)
[0915/174915.802:INFO:CONSOLE:169] "[GSI_LOGGER]: Your client application uses one of the Google One Tap prompt UI status methods that may stop functioning when FedCM becomes mandatory. Refer to the migration guide to update your code accordingly and opt-in to FedCM to test your changes. Learn more: https://developers.google.com/identity/gsi/web/guides/fedcm-migration?s=dc#display_moment and https://developers.google.com/identity/gsi/web/guides/fedcm-migration?s=dc#skipped_moment", source: https://static.licdn.com/aero-v1/sc/h/29rdkxlvag0d3cpj96fiilbju (169)
[0915/174915.802:INFO:CONSOLE:169] "[GSI_LOGGER]: Currently, you disable FedCM on Google One Tap. FedCM for One Tap will become mandatory starting Oct 2024, and you won’t be able to disable it. Refer to the migration guide to update your code accordingly to ensure users will not be blocked from logging in. Learn more: https://developers.google.com/identity/gsi/web/guides/fedcm-migration", source: https://static.licdn.com/aero-v1/sc/h/29rdkxlvag0d3cpj96fiilbju (169)
[0915/174915.812:INFO:CONSOLE:169] "[GSI_LOGGER]: Currently, you disable FedCM on Google One Tap. FedCM for One Tap will become mandatory starting Oct 2024, and you won’t be able to disable it. Refer to the migration guide to update your code accordingly to ensure users will not be blocked from logging in. Learn more: https://developers.google.com/identity/gsi/web/guides/fedcm-migration", source: https://static.licdn.com/aero-v1/sc/h/29rdkxlvag0d3cpj96fiilbju (169)
[0915/174915.869:ERROR:content\public\browser\web_contents_delegate.cc:310] WebContentsDelegate::CheckMediaAccessPermission: Not supported.
[0915/174915.869:ERROR:content\public\browser\web_contents_delegate.cc:310] WebContentsDelegate::CheckMediaAccessPermission: Not supported.
[0915/174920.082:INFO:CONSOLE:2] "TMS load event sent successfully: ", source: https://static.licdn.com/aero-v1/sc/h/5pb1ojg869mw5g0pl1d8cta0f (2)
[0915/174931.499:ERROR:content\public\browser\web_contents_delegate.cc:310] WebContentsDelegate::CheckMediaAccessPermission: Not supported.
[0915/174931.499:ERROR:content\public\browser\web_contents_delegate.cc:310] WebContentsDelegate::CheckMediaAccessPermission: Not supported.
[0915/174931.591:ERROR:content\public\browser\web_contents_delegate.cc:310] WebContentsDelegate::CheckMediaAccessPermission: Not supported.
[0915/174931.591:ERROR:content\public\browser\web_contents_delegate.cc:310] WebContentsDelegate::CheckMediaAccessPermission: Not supported.
[0915/174931.670:ERROR:content\public\browser\web_contents_delegate.cc:310] WebContentsDelegate::CheckMediaAccessPermission: Not supported.
[0915/174931.670:ERROR:content\public\browser\web_contents_delegate.cc:310] WebContentsDelegate::CheckMediaAccessPermission: Not supported.
[0915/174931.752:ERROR:content\public\browser\web_contents_delegate.cc:310] WebContentsDelegate::CheckMediaAccessPermission: Not supported.
[0915/174931.752:ERROR:content\public\browser\web_contents_delegate.cc:310] WebContentsDelegate::CheckMediaAccessPermission: Not supported.
[0915/174931.849:INFO:CONSOLE:2] "Element with id: dust-var-locale not found", source: https://static.licdn.com/aero-v1/sc/h/5pb1ojg869mw5g0pl1d8cta0f (2)
[0915/174931.933:INFO:CONSOLE:169] "[GSI_LOGGER]: Your client application may not display the Google One Tap in its default position. When FedCM becomes mandatory, One Tap only displays in the default position. Refer to the migration guide to update your code accordingly and opt-in to FedCM to test your changes. Learn more: https://developers.google.com/identity/gsi/web/guides/fedcm-migration?s=dc#layout", source: https://static.licdn.com/aero-v1/sc/h/29rdkxlvag0d3cpj96fiilbju (169)
[0915/174931.933:INFO:CONSOLE:169] "[GSI_LOGGER]: Your client application uses one of the Google One Tap prompt UI status methods that may stop functioning when FedCM becomes mandatory. Refer to the migration guide to update your code accordingly and opt-in to FedCM to test your changes. Learn more: https://developers.google.com/identity/gsi/web/guides/fedcm-migration?s=dc#display_moment and https://developers.google.com/identity/gsi/web/guides/fedcm-migration?s=dc#skipped_moment", source: https://static.licdn.com/aero-v1/sc/h/29rdkxlvag0d3cpj96fiilbju (169)
[0915/174931.934:INFO:CONSOLE:169] "[GSI_LOGGER]: Currently, you disable FedCM on Google One Tap. FedCM for One Tap will become mandatory starting Oct 2024, and you won’t be able to disable it. Refer to the migration guide to update your code accordingly to ensure users will not be blocked from logging in. Learn more: https://developers.google.com/identity/gsi/web/guides/fedcm-migration", source: https://static.licdn.com/aero-v1/sc/h/29rdkxlvag0d3cpj96fiilbju (169)
[0915/174931.942:INFO:CONSOLE:169] "[GSI_LOGGER]: Currently, you disable FedCM on Google One Tap. FedCM for One Tap will become mandatory starting Oct 2024, and you won’t be able to disable it. Refer to the migration guide to update your code accordingly to ensure users will not be blocked from logging in. Learn more: https://developers.google.com/identity/gsi/web/guides/fedcm-migration", source: https://static.licdn.com/aero-v1/sc/h/29rdkxlvag0d3cpj96fiilbju (169)
[0915/174931.959:ERROR:content\public\browser\web_contents_delegate.cc:310] WebContentsDelegate::CheckMediaAccessPermission: Not supported.
[0915/174931.959:ERROR:content\public\browser\web_contents_delegate.cc:310] WebContentsDelegate::CheckMediaAccessPermission: Not supported.
[0915/174932.078:ERROR:content\public\browser\web_contents_delegate.cc:310] WebContentsDelegate::CheckMediaAccessPermission: Not supported.
[0915/174932.079:ERROR:content\public\browser\web_contents_delegate.cc:310] WebContentsDelegate::CheckMediaAccessPermission: Not supported.
[0915/174932.111:INFO:CONSOLE:1] "WARNING: Too many active WebGL contexts. Oldest context will be lost.", source: https://static.licdn.com/aero-v1/sc/h/7odnbqr43oxa04pdcbc8q1lhv (1)
[0915/174932.144:INFO:CONSOLE:1] "WARNING: Too many active WebGL contexts. Oldest context will be lost.", source: https://static.licdn.com/aero-v1/sc/h/7odnbqr43oxa04pdcbc8q1lhv (1)
[0915/174932.180:INFO:CONSOLE:1] "WARNING: Too many active WebGL contexts. Oldest context will be lost.", source: https://static.licdn.com/aero-v1/sc/h/80ndnja80f2uvg4l8sj2su82m (1)
[0915/174932.193:ERROR:content\public\browser\web_contents_delegate.cc:310] WebContentsDelegate::CheckMediaAccessPermission: Not supported.
[0915/174932.193:ERROR:content\public\browser\web_contents_delegate.cc:310] WebContentsDelegate::CheckMediaAccessPermission: Not supported.
[0915/174932.216:INFO:CONSOLE:1] "WARNING: Too many active WebGL contexts. Oldest context will be lost.", source: https://static.licdn.com/aero-v1/sc/h/4w1iremrnsuxf3bjq4udk3vti (1)
[0915/174932.226:INFO:CONSOLE:1] "WARNING: Too many active WebGL contexts. Oldest context will be lost.", source: https://static.licdn.com/aero-v1/sc/h/4w1iremrnsuxf3bjq4udk3vti (1)
[0915/174932.255:INFO:CONSOLE:1] "WARNING: Too many active WebGL contexts. Oldest context will be lost.", source: https://static.licdn.com/aero-v1/sc/h/4w1iremrnsuxf3bjq4udk3vti (1)
[0915/174934.938:INFO:CONSOLE:2] "WARNING: Too many active WebGL contexts. Oldest context will be lost.", source: https://client.protechts.net/PXdOjV695v/main.min.js (2)
[0915/174935.578:INFO:CONSOLE:2] "WARNING: Too many active WebGL contexts. Oldest context will be lost.", source: https://ri.px-cloud.net/index.js?v=bf7b44cc-b0fe-11f1-92ef-2ccbdbcafb6f&a=PXdOjV695v (2)
[0915/174935.673:INFO:CONSOLE:1] "WARNING: Too many active WebGL contexts. Oldest context will be lost.", source: about:srcdoc (1)
[0915/174940.552:INFO:CONSOLE:2] "TMS load event sent successfully: ", source: https://static.licdn.com/aero-v1/sc/h/5pb1ojg869mw5g0pl1d8cta0f (2)
